// Jest Snapshot v1, https://goo.gl/fbAQLP

exports[`MomentGridCard Component Snapshots matches snapshot for left column 1`] = `
<RCTTouchableOpacity
  accessibilityState={
    {
      "disabled": false,
    }
  }
  accessible={true}
  onPress={[Function]}
  ref={null}
>
  <RCTText
    ref={null}
    testID="RCTText"
  >
    Test Moment
  </RCTText>
</RCTTouchableOpacity>
`;

exports[`MomentGridCard Component Snapshots matches snapshot for right column 1`] = `
<RCTTouchableOpacity
  accessibilityState={
    {
      "disabled": false,
    }
  }
  accessible={true}
  onPress={[Function]}
  ref={null}
>
  <RCTText
    ref={null}
    testID="RCTText"
  >
    Test Moment
  </RCTText>
</RCTTouchableOpacity>
`;
